{
  "MetaData": {
    "totalCount": 27,
    "facetCounts": {
      "catalog_s": [],
      "asg.tagPathsHierarchy_ss": [],
      "type_s": [
        {
          "count": 18,
          "value": "Column"
        },
        {
          "count": 2,
          "value": "Constraint"
        },
        {
          "count": 2,
          "value": "Table"
        },
        {
          "count": 1,
          "value": "Analysis"
        },
        {
          "count": 1,
          "value": "Cluster"
        },
        {
          "count": 1,
          "value": "Database"
        },
        {
          "count": 1,
          "value": "Host"
        },
        {
          "count": 1,
          "value": "Service"
        }
      ]
    },
    "databaseMetaData": {
      "name": "DYNAMODB",
      "databaseID": "DynamoCatalog4.Database:::1",
      "table": {
        "values": [
          {
            "type": "Table",
            "name": "DynamicColumns"
          },
          {
            "type": "Table",
            "name": "TestTable1"
          }
        ],
        "taglist": {
          "values": [
            {
              "techTag": "Dynamo DB"
            }
          ],
          "rating": {
          },
          "comments": {
          }
        }
      }
    }
  }
}

