{
  "MetaData": {
    "totalCount": 111,
    "facetCounts": {
      "catalog_s": [],
      "asg.tagPathsHierarchy_ss": [],
      "type_s": [
        {
          "count": 88,
          "value": "Field"
        },
        {
          "count": 14,
          "value": "File"
        },
        {
          "count": 6,
          "value": "Directory"
        },
        {
          "count": 1,
          "value": "Analysis"
        },
        {
          "count": 1,
          "value": "Cluster"
        },
        {
          "count": 1,
          "value": "Service"
        }
      ]
    },
    "clusterMetaData": {
      "name": "amazonaws.com",
      "clusterID": "S3ParquetSC1.Cluster:::1",
      "table": {
        "values": {
          "type": "Service",
          "name": [
            "AmazonS3"
          ]
        }
      },
      "taglist": {
        "values": [
          {
            "techTag": "Data Files"
          },
          {
            "techTag": "Parquet"
          }
        ],
        "rating": {
        },
        "comments": {
        }
      }
    },
    "serviceMetaData": {
      "name": "AmazonS3",
      "serviceID": "S3AmazonSC1.Service:::1",
      "has_Directory": [
        {
          "name": "asgqaparquetautomation"
        }
      ],
      "taglist": {
        "values": [
          {
            "techTag": "Data Files"
          },
          {
            "techTag": "Parquet"
          }
        ],
        "rating": {
        },
        "comments": {
        }
      }
    },
    "directoryMetaData": {
      "directorySize": 0,
      "numberOfFiles": 0,
      "sizeOfFiles": 0,
      "location": "asgqaparquetautomation/",
      "numberOfSubDir": 1,
      "sizeOfSubDir": 0,
      "directoryID": "S3AmazonSC1.Directory:::3",
      "table": {
        "has_Directory": [
          {
            "name": "ParquetTestData"
          }
        ]
      }
    },
    "subDirectoryMetaData": {
      "directorySize": 125919,
      "numberOfFiles": 10,
      "sizeOfFiles": 125919,
      "location": "asgqaparquetautomation/ParquetTestData/TestParquet/",
      "numberOfSubDir": 1,
      "sizeOfSubDir": 1445,
      "directoryID": "S3AmazonSC1.Directory:::3",
      "table": {
        "has_Files": [
          {
            "name": "HiveParquet.parquet"
          },
          {
            "name": "Spark.parquet"
          },
          {
            "name": "nation.parquet"
          },
          {
            "name": "region.parquet"
          },
          {
            "name": "simple.parquet"
          },
          {
            "name": "source.parquet"
          },
          {
            "name": "testcomplex.parquet"
          },
          {
            "name": "userDiffDataTypes.parquet"
          },
          {
            "name": "userdata1.parquet"
          },
          {
            "name": "version"
          },
          {
            "name": "weather.parquet"
          }
        ]
      }
    },
    "fileMetaData": {
      "fileID": "S3AmazonSC1.File:::1",
      "Location": "asgqaparquetautomation/ParquetTestData/TestParquet/nation.parquet",
      "fileContentLength": 1210,
      "table": {
        "has_Fields": [
          {
            "name": "N_COMMENT"
          },
          {
            "name": "N_NAME"
          },
          {
            "name": "N_NATIONKEY"
          },
          {
            "name": "N_REGIONKEY"
          }
        ]
      }
    },
    "columnMetaData": {
      "Table1": {
	  "field1": {
        "fieldDataType": "BIGINT",
        "fieldName": "biginttype"
      },
      "field2": {
        "fieldDataType": "BIGINT",
        "fieldName": "bigserialtype"
      },
      "field3": {
        "fieldDataType": "BINARY",
        "fieldName": "bittype"
      },
      "field4": {
        "fieldDataType": "BINARY",
        "fieldName": "varbittype"
      },
      "field5": {
        "fieldDataType": "BIT",
        "fieldName": "booleantype"
      },
      "field6": {
        "fieldDataType": "BOX",
        "fieldName": "boxtype"
      },
      "field7": {
        "fieldDataType": "BINARY",
        "fieldName": "byteatype"
      },
      "field8": {
        "fieldDataType": "CHAR",
        "fieldName": "charactertype"
      },
      "field9": {
        "fieldDataType": "VARCHAR",
        "fieldName": "varchartype"
      },
      "field10": {
        "fieldDataType": "INET",
        "fieldName": "cidrtype"
      },
      "field11": {
        "fieldDataType": "CIRCLE",
        "fieldName": "circletype"
      },
      "field12": {
        "fieldDataType": "DATE",
        "fieldName": "datetype"
      },
      "field13": {
        "fieldDataType": "DOUBLE",
        "fieldName": "floattype"
      },
      "field14": {
        "fieldDataType": "INET",
        "fieldName": "inettype"
      },
      "field15": {
        "fieldDataType": "INTEGER",
        "fieldName": "integertype"
      },
	   "field16": {
        "fieldDataType": "INTERVAL",
        "fieldName": "intervaltype"
      },
	   "field17": {
        "fieldDataType": "JSON",
        "fieldName": "jsontype"
      },
	  "field18": {
        "fieldDataType": "JSONB",
        "fieldName": "jsonbtype"
      },
	  "field19": {
        "fieldDataType": "LINE",
        "fieldName": "linetype"
      },
	  "field20": {
        "fieldDataType": "LSEG",
        "fieldName": "lsegtype"
      }, 
	  "field21": {
        "fieldDataType": "MACADDR",
        "fieldName": "macaddrtype"
      }, 
	  "field22": {
        "fieldDataType": "MONEY",
        "fieldName": "moneytype"
      }, 
	  "field23": {
        "fieldDataType": "NUMERIC",
        "fieldName": "numerictype"
      }, 
	  "field24": {
        "fieldDataType": "PATH",
        "fieldName": "pathtype"
      }, 
	  "field25": {
        "fieldDataType": "OTHER",
        "fieldName": "pglsntype"
      }, 
	  "field26": {
        "fieldDataType": "POINT",
        "fieldName": "pointtype"
      }, 
	  "field27": {
        "fieldDataType": "POLYGON",
        "fieldName": "polygontype"
      }, 
	  "field28": {
        "fieldDataType": "REAL",
        "fieldName": "realtype"
      }, 
	  "field29": {
        "fieldDataType": "SMALLINT",
        "fieldName": "smallinttype"
      }, 
	  "field30": {
        "fieldDataType": "SMALLINT",
        "fieldName": "smallserialtype"
      }, 
	  "field31": {
        "fieldDataType": "INTEGER",
        "fieldName": "serialtype"
      }, 
	  "field32": {
        "fieldDataType": "VARCHAR",
        "fieldName": "texttype"
      }, 
	  "field33": {
        "fieldDataType": "TIME",
        "fieldName": "timetype"
      }, 
	  "field34": {
        "fieldDataType": "TIME",
        "fieldName": "timetztype"
      }, 
	  "field35": {
        "fieldDataType": "TIMESTAMP",
        "fieldName": "timestamptype"
      }, 
	  "field36": {
        "fieldDataType": "TIMESTAMP",
        "fieldName": "timestamptztype"
      }, 
	  "field37": {
        "fieldDataType": "TSQUERY",
        "fieldName": "tsquerytype"
      },
     "field38": {
        "fieldDataType": "TSVECTOR",
        "fieldName": "tsvectortype"
      },	  
	  "field39": {
        "fieldDataType": "OTHER",
        "fieldName": "txidsnapshottype"
      }, 
	  "field40": {
        "fieldDataType": "UUID",
        "fieldName": "uuidtype"
      }, 
	  "field41": {
        "fieldDataType": "SQLXML",
        "fieldName": "xmltype"
      }, 
	  "field42": {
        "fieldDataType": "ARRAY",
        "fieldName": "intarraytype"
      }, 
	  "field43": {
        "fieldDataType": "ARRAY",
        "fieldName": "textarraytype"
      }
     }   
   },
    "analysisMetaData": {
    }
  }
}