{"customers":[{"mode":"COPY","source":"brand_name","dir":"->","target":"brand_name"},{"mode":"COPY","source":"customer_id","dir":"->","target":"customer_id"},{"mode":"COPY","source":"product_id","dir":"->","target":"product_id"},{"mode":"COPY","source":"product_name","dir":"->","target":"product_name"}]}