[ {
  "sample" : {
    "header" : [ "ID", "NAME", "DOB", "DOB2", "DOB3", "DOB4" ],
    "values" : [ [ "200", "Test Name2", "2005-10-20 00:00:00.0", "2005-05-01 06:14:00.0", "2005-05-01 00:44:00.742", "2005-07-01 03:44:00.742" ] ]
  },
  "id" : "null"
} ]