{
  "MetaData": {
    "totalCount": 53,
    "facetCounts": {
      "catalog_s": [],
      "asg.tagPathsHierarchy_ss": [],
      "type_s": [
        {
          "count": 25,
          "value": "Field"
        },
        {
          "count": 20,
          "value": "File"
        },
        {
          "count": 5,
          "value": "Directory"
        },
        {
          "count": 1,
          "value": "Analysis"
        },
        {
          "count": 1,
          "value": "Cluster"
        },
        {
          "count": 1,
          "value": "Service"
        }
      ]
    },
    "subdirectoryMetaData": {
      "directorySize": 2304,
      "numberOfFiles": 2,
      "sizeOfFiles": 2304,
      "location": "asgqajsontestautomation/AutoTestData/TestJSON/JsonInternal/",
      "numberOfSubDir": 0,
      "sizeOfSubDir": 0
    },
    "directoryMetaData": {
      "directorySize": 0,
      "numberOfFiles": 0,
      "sizeOfFiles": 0,
      "location": "asgqajsontestautomation/AutoTestData/",
      "numberOfSubDir": 1,
      "sizeOfSubDir": 11789674
    },
    "bucketMetaData": {
      "directorySize": 0,
      "numberOfFiles": 0,
      "sizeOfFiles": 0,
      "location": "asgqajsontestautomation/",
      "numberOfSubDir": 1,
      "sizeOfSubDir": 0
    },
    "fileMetaData": {
      "location": "asgqajsontestautomation/AutoTestData/TestJSON/simple.json",
      "fileSize": 27,
      "technicalData": {
        "values": {
          "storageClass": "STANDARD",
          "eTag": "8a5a2892bc57336998573534ca557945",
          "key": "AutoTestData/TestJSON/simple.json",
          "userMetaData": {},
          "rawMetaData": {
            "Accept-Ranges": "bytes",
            "Content-Length": 27,
            "Content-Type": "application/json",
            "ETag": "8a5a2892bc57336998573534ca557945"
          },
          "acl": [
            {
              "grantee": {
                "displayName": "aws.saas.dev.di",
                "identifier": "9335a9b0b90538483889c17170f749d72b190c87041c1a765c0fd1e0f1e569d7",
                "typeIdentifier": "id"
              },
              "permission": "FullControl"
            }
          ],
          "url": "https://asgqajsontestautomation.s3.amazonaws.com/AutoTestData/TestJSON/simple.json",
          "torrent": "https://asgqajsontestautomation.s3.amazonaws.com/AutoTestData/TestJSON/simple.json?torrent",
          "tagging": {
            "tagSet": []
          }
        }
      },
      "taglist": {
        "values": [
          {
            "techTag": "JsonS3SC1Tags"
          },
          {
            "techTag": "JSON"
          },
          {
            "techTag": "JSONS3_BA"
          }
        ],
        "rating": {
        },
        "comments": {
        }
      }
    }
  }
}
