[ {
  "sample" : {
    "header" : [ "NUMBERTYPE", "DECIMALTYPE", "NUMERICTYPE", "INTTYPE", "INTEGERTYPE", "BIGINTTYPE", "SMALLINTTYPE", "FLOATTYPE", "FLOAT4TYPE", "FLOAT8TYPE", "DOUBLETYPE", "DOUBLEPRECISIONTYPE", "REALTYPE", "VARCHARTYPE", "CHARTYPE", "CHARACTERTYPE", "STRINGTYPE", "TEXTTYPE", "BINARYTYPE", "VARBINARYTYPE", "BOOLEANTYPE", "DATETYPE", "DATETIMETYPE", "TIMETYPE", "TIMESTAMPTYPE", "TIMESTAMPLTZTYPE", "TIMESTAMPNTZTYPE", "TIMESTAMPTZTYPE" ],
    "values" : [ [ "12", "20.50", "30.00", "5", "50", "5000", "45678", "400.0", "300.5", "2000.55", "54002.56", "6.464464656E7", "89494.67", "varchar1", "abc", "testers", "example word", "textexample test", "UNSUPPORTED", "UNSUPPORTED", "true", "2020-01-01", "2017-01-01 12:00:00.0", "12:00:00", "2018-01-01 12:00:00.0", "2014-01-02 16:00:00.0", "2020-02-03 12:00:00.0", "2016-02-02 22:55:00.0" ], [ "22", "30.50", "40.00", "15", "55", "5500", "55678", "450.0", "400.5", "2500.55", "64002.56", "7.464464656E7", "99494.67", "varchar2", "cde", "testers1", "axample word", "textexample test1", "UNSUPPORTED", "UNSUPPORTED", "true", "2000-01-01", "2016-01-01 12:00:00.0", "13:00:00", "2014-01-01 12:00:00.0", "2015-01-02 16:00:00.0", "2012-02-03 12:00:00.0", "2015-02-02 22:55:00.0" ], [ "52", "40.50", "50.00", "35", "65", "6500", "65678", "550.0", "450.5", "3500.55", "74002.56", "8.464464656E7", "98494.67", "varchar3", "efg", "testers2", "pxample word", "textexample test2", "UNSUPPORTED", "UNSUPPORTED", "false", "1999-01-01", "1978-01-01 12:00:00.0", "13:00:00", "2013-01-01 12:00:00.0", "2013-12-02 16:00:00.0", "2000-02-03 12:00:00.0", "2015-08-22 22:55:00.0" ], [ "85", "60.50", "75.00", "85", "85", "7500", "95678", "580.0", "650.5", "6500.55", "94002.56", "9.464464656E7", "97000.67", "varchar4", "hjk", "testers3", "zxample word", "textexample test3", "UNSUPPORTED", "UNSUPPORTED", "false", "1998-01-01", "1976-01-01 12:00:00.0", "13:00:00", "2011-01-01 12:00:00.0", "2011-12-02 16:00:00.0", "2010-02-03 12:00:00.0", "2012-08-22 23:25:00.0" ] ]
  },
  "id" : "null"
} ]