[ {
  "sample" : {
    "header" : [ "registration_dttm", "id", "first_name", "last_name", "email", "gender", "ip_address", "cc", "country", "birthdate", "salary", "title", "comments" ],
    "values" : [ [ "2016-02-03T13:36:39Z", "1", "Donald", "Lewis", "dlewis0@clickbank.net", "Male", "102.22.124.20", null, "Indonesia", "7/9/1972", "140249.37", "Senior Financial Analyst", null ], [ "2016-02-03T18:29:04Z", "3", "Michelle", "Henderson", "mhenderson2@geocities.jp", "Female", "193.68.146.150", null, "France", "1/15/1964", "236219.26", "Teacher", null ], [ "2016-02-03T13:42:19Z", "4", "Lori", "Hudson", "lhudson3@dion.ne.jp", null, "34.252.168.48", "3568840151595649", "Russia", "4/22/1988", null, "Nuclear Power Engineer", null ], [ "2016-02-03T00:15:29Z", "5", "Howard", "Miller", "hmiller4@fema.gov", "Male", "103.193.150.230", "3583473261055014", "France", "11/26/1998", "50210.02", "Senior Editor", null ], [ "2016-02-03T10:49:07Z", "6", "Frances", "Adams", "fadams5@123-reg.co.uk", "Female", "106.196.106.93", null, "Russia", "3/27/1997", "82175.77", "Account Coordinator", null ], [ "2016-02-03T08:11:34Z", "8", "Louis", "Simmons", "lsimmons7@icio.us", "Male", "18.69.80.15", null, "China", "6/1/1992", "90744.86", "Product Engineer", null ], [ "2016-02-03T23:56:51Z", "9", "Keith", "Parker", "kparker8@amazonaws.com", "Male", "108.205.40.64", null, "Guadeloupe", "12/30/1992", "60618.9", "Developer II", null ], [ "2016-02-03T07:47:29Z", "10", "Wanda", "Walker", "wwalker9@latimes.com", "Female", "246.214.98.78", "3539421569669478", "Portugal", null, "137664.53", null, null ], [ "2016-02-03T16:39:23Z", "11", "Kathryn", "Weaver", "kweavera@bizjournals.com", "Female", "157.237.161.75", "201425019338900", "Sweden", null, "117572.65", null, null ], [ "2016-02-03T06:50:56Z", "12", "Philip", "Ward", "pwardb@sakura.ne.jp", "Male", "77.140.225.69", "201508031789224", "Greece", "9/3/1984", "238925.79", "Human Resources Manager", null ] ]
  },
  "id" : "null"
} ]