[
  {
    "id": "null",
    "sample": {
      "values": [
        [
          "200",
          "Test Name2",
          "",
          "",
          "",
          ""
        ],
        [
          "300",
          "Test Name3",
          "",
          "",
          "",
          ""
        ],
        [
          "500",
          "Test Name5",
          "",
          "",
          "",
          ""
        ],
        [
          "400",
          "Test Name4",
          "",
          "",
          "",
          ""
        ],
        [
          "200",
          "Test Name2",
          "",
          "",
          "",
          ""
        ],
        [
          "100",
          "Test Name1",
          "",
          "",
          "",
          ""
        ]
      ],
      "header": [
        "ID",
        "NAME",
        "DOB",
        "DOB2",
        "DOB3",
        "DOB4"
      ]
    }
  }
]