[
  {
    "id": "null",
    "sample": {
      "values": [
        [
          "1.21",
          "12000",
          "UNSUPPORTED",
          "UNSUPPORTED",
          "UNSUPPORTED",
          "Char1     ",
          "varchar1",
          "varchar21",
          "nchar1    ",
          "nvarchar21",
          "",
          "",
          "",
          "",
          "UNSUPPORTED",
          "",
          "",
          "UNSUPPORTED",
          "UNSUPPORTED",
          "UNSUPPORTED",
          "UNSUPPORTED"
        ],
        [
          "2.21",
          "22000",
          "UNSUPPORTED",
          "UNSUPPORTED",
          "UNSUPPORTED",
          "Char2     ",
          "varchar2",
          "varchar22",
          "nchar2    ",
          "nvarchar22",
          "",
          "",
          "",
          "",
          "UNSUPPORTED",
          "",
          "",
          "UNSUPPORTED",
          "UNSUPPORTED",
          "UNSUPPORTED",
          "UNSUPPORTED"
        ],
        [
          "3.21",
          "32000",
          "UNSUPPORTED",
          "UNSUPPORTED",
          "UNSUPPORTED",
          "Char3     ",
          "varchar3",
          "varchar23",
          "nchar3    ",
          "nvarchar23",
          "",
          "",
          "",
          "",
          "UNSUPPORTED",
          "",
          "",
          "UNSUPPORTED",
          "UNSUPPORTED",
          "UNSUPPORTED",
          "UNSUPPORTED"
        ],
        [
          "4.21",
          "42000",
          "UNSUPPORTED",
          "UNSUPPORTED",
          "UNSUPPORTED",
          "Char4     ",
          "varchar4",
          "varchar24",
          "nchar4    ",
          "nvarchar24",
          "",
          "",
          "",
          "",
          "UNSUPPORTED",
          "",
          "",
          "UNSUPPORTED",
          "UNSUPPORTED",
          "UNSUPPORTED",
          "UNSUPPORTED"
        ],
        [
          "5.21",
          "52000",
          "UNSUPPORTED",
          "UNSUPPORTED",
          "UNSUPPORTED",
          "Char5     ",
          "varchar4",
          "varchar24",
          "nchar5    ",
          "nvarchar25",
          "",
          "",
          "",
          "",
          "UNSUPPORTED",
          "",
          "",
          "UNSUPPORTED",
          "UNSUPPORTED",
          "UNSUPPORTED",
          "UNSUPPORTED"
        ]
      ],
      "header": [
        "NUMBERCOLUMN",
        "FLOATCOLUMN",
        "LONGCOLUMN",
        "BINARYDOUBLECOLUMN",
        "BINARYFLOATCOLUMN",
        "CHARCOLUMN",
        "VARCHARCOLUMN",
        "VARCHAR2COLUMN",
        "NCHARCOLUMN",
        "NVARCHAR2COLUMN",
        "DATECOLUMN",
        "TIMESTAMPCOLUMN",
        "TIMESTAMP6TZCOLUMN",
        "TIMESTAMP6LTZCOLUMN",
        "BLOBCOLUMN",
        "CLOBCOLUMN",
        "NCLOBCOLUMN",
        "RAWCOLUMN",
        "ROWIDCOLUMN",
        "UROWIDCOLUMN",
        "BFILECOLUMN"
      ]
    }
  }
]