{
  "MetaData": {
    "totalCount": 111,
    "facetCounts": {
      "catalog_s": [],
      "asg.tagPathsHierarchy_ss": [],
      "type_s": [
        {
          "count": 88,
          "value": "Field"
        },
        {
          "count": 14,
          "value": "File"
        },
        {
          "count": 6,
          "value": "Directory"
        },
        {
          "count": 1,
          "value": "Analysis"
        },
        {
          "count": 1,
          "value": "Cluster"
        },
        {
          "count": 1,
          "value": "Service"
        }
      ]
    },
    "clusterMetaData": {
      "name": "amazonaws.com",
      "clusterID": "S3ParquetSC1.Cluster:::1",
      "table": {
        "values": {
          "type": "Service",
          "name": [
            "AmazonS3"
          ]
        }
      },
      "taglist": {
        "values": [
          {
            "techTag": "Data Files"
          },
          {
            "techTag": "Parquet"
          }
        ],
        "rating": {
        },
        "comments": {
        }
      }
    },
    "serviceMetaData": {
      "name": "AmazonS3",
      "serviceID": "S3AmazonSC1.Service:::1",
      "has_Directory": [
        {
          "name": "asgqaparquetautomation"
        }
      ],
      "taglist": {
        "values": [
          {
            "techTag": "Data Files"
          },
          {
            "techTag": "Parquet"
          }
        ],
        "rating": {
        },
        "comments": {
        }
      }
    },
    "directoryMetaData": {
      "directorySize": 0,
      "numberOfFiles": 0,
      "sizeOfFiles": 0,
      "location": "asgqaparquetautomation/",
      "numberOfSubDir": 1,
      "sizeOfSubDir": 0,
      "directoryID": "S3AmazonSC1.Directory:::3",
      "table": {
        "has_Directory": [
          {
            "name": "ParquetTestData"
          }
        ]
      }
    },
    "subDirectoryMetaData": {
      "directorySize": 125919,
      "numberOfFiles": 10,
      "sizeOfFiles": 125919,
      "location": "asgqaparquetautomation/ParquetTestData/TestParquet/",
      "numberOfSubDir": 1,
      "sizeOfSubDir": 1445,
      "directoryID": "S3AmazonSC1.Directory:::3",
      "table": {
        "has_Files": [
          {
            "name": "HiveParquet.parquet"
          },
          {
            "name": "Spark.parquet"
          },
          {
            "name": "nation.parquet"
          },
          {
            "name": "region.parquet"
          },
          {
            "name": "simple.parquet"
          },
          {
            "name": "source.parquet"
          },
          {
            "name": "testcomplex.parquet"
          },
          {
            "name": "userDiffDataTypes.parquet"
          },
          {
            "name": "userdata1.parquet"
          },
          {
            "name": "version"
          },
          {
            "name": "weather.parquet"
          }
        ]
      }
    },
    "fileMetaData": {
      "fileID": "S3AmazonSC1.File:::1",
      "Location": "asgqaparquetautomation/ParquetTestData/TestParquet/nation.parquet",
      "fileContentLength": 1210,
      "table": {
        "has_Fields": [
          {
            "name": "N_COMMENT"
          },
          {
            "name": "N_NAME"
          },
          {
            "name": "N_NATIONKEY"
          },
          {
            "name": "N_REGIONKEY"
          }
        ]
      }
    },
    "columnMetaData": {
      "Table1": {
	  "field1": {
        "fieldDataType": "BIGINT",
        "fieldName": "biginttype"
      },
      "field2": {
        "fieldDataType": "INT",
        "fieldName": "inttype"
      },
      "field3": {
        "fieldDataType": "SMALLINT",
        "fieldName": "smallinttype"
      },
      "field4": {
        "fieldDataType": "TINYINT",
        "fieldName": "tinyinttype"
      },
      "field5": {
        "fieldDataType": "BIT",
        "fieldName": "bittype"
      },
      "field6": {
        "fieldDataType": "DECIMAL",
        "fieldName": "decimaltype"
      },
      "field7": {
        "fieldDataType": "NUMERIC",
        "fieldName": "numerictype"
      },
      "field8": {
        "fieldDataType": "MONEY",
        "fieldName": "moneytype"
      },
      "field9": {
        "fieldDataType": "MONEY",
        "fieldName": "smallmoneytype"
      },
      "field10": {
        "fieldDataType": "FLOAT",
        "fieldName": "floattype"
      },
      "field11": {
        "fieldDataType": "REAL",
        "fieldName": "realtype"
      },
      "field12": {
        "fieldDataType": "TIMESTAMP",
        "fieldName": "datetimetype"
      },
      "field13": {
        "fieldDataType": "TIMESTAMP",
        "fieldName": "smalldatetimetype"
      },
	  "field14": {
        "fieldDataType": "DATE",
        "fieldName": "datetype"
      },
      "field15": {
        "fieldDataType": "TIME",
        "fieldName": "timetype"
      }
      "field16": {
        "fieldDataType": "TIMESTAMP",
        "fieldName": "datetimeoffsettype"
      },
      "field17": {
        "fieldDataType": "TIMESTAMP",
        "fieldName": "datetime2type"
      },
	   "field18": {
        "fieldDataType": "CHAR",
        "fieldName": "chartype"
      },
	   "field19": {
        "fieldDataType": "VARCHAR",
        "fieldName": "varchartype"
      },
	  "field20": {
        "fieldDataType": "VARCHAR",
        "fieldName": "varcharofmax"
      },
	  "field21": {
        "fieldDataType": "TEXT",
        "fieldName": "testtype"
      },
	  "field22": {
        "fieldDataType": "NCHAR",
        "fieldName": "nchartype"
      },
	  "field23": {
        "fieldDataType": "NVARCHAR",
        "fieldName": "nvarchartype"
      }, 
	  "field24": {
        "fieldDataType": "NTEXT",
        "fieldName": "ntexttype"
      }, 
	  "field25": {
        "fieldDataType": "BINARY",
        "fieldName": "binarytype"
      }, 
	  "field26": {
        "fieldDataType": "VARBINARY",
        "fieldName": "varbinarytype"
      }, 
	  "field27": {
        "fieldDataType": "LONGVARBINARY",
        "fieldName": "imagetype"
      }, 
	  "field28": {
        "fieldDataType": "TIMESTAMP",
        "fieldName": "rowversiontype"
      }, 
	  "field29": {
        "fieldDataType": "UDT",
        "fieldName": "hierarchyidtype"
      }, 
	  "field30": {
        "fieldDataType": "UUID",
        "fieldName": "uniqueidentifiertype"
      }, 
	  "field31": {
        "fieldDataType": "VARIANT",
        "fieldName": "sql_varianttype"
      }, 
	  "field32": {
        "fieldDataType": "SQLXML",
        "fieldName": "xmltype"
      }, 
	  "field33": {
        "fieldDataType": "UDT",
        "fieldName": "geometrytype"
      },
	  "field34": {
        "fieldDataType": "UDT",
        "fieldName": "geographytype"
      }
     }   
   },
    "analysisMetaData": {
    }
  }
}