[ {
  "sample" : {
    "header" : [ "bittype", "tinyinttype", "smallinttype", "inttype", "biginttype", "decimaltype", "numerictype", "smallmoneytype", "moneytype", "realtype", "floattype", "datetype", "datetimetype", "datetime2type", "datetimeoffsettype", "smalldatetimetype", "timetype", "chartype", "varchartype", "texttype", "nchartype", "nvarchartype", "ntexttype", "binarytype", "varbinarytype", "imagetype", "rowversiontype", "hierarchyidtype", "uniqueidentifiertype", "xmltype", "sql_varianttype", "geographtype", "geometrytype" ],
    "values" : [ [ "true", "255", "32767", "2147483647", "9223372036854775807", "123.00", "12345.12000", "3148.2900", "922337203.0000", "5.6", "1.2321412234324E7", "2007-05-08", "2007-05-08 12:35:29.123", "2007-05-08 12:35:29.1234567", "2007-05-08 00:20:29.1234567", "2007-05-08 12:35:00.0", "12:35:29", "TestChar            ", "Testing Variable Char", "UNSUPPORTED", "Test Unicode char                                                                                   ", "Testing Unicode Variable Char", "UNSUPPORTED", "UNSUPPORTED", "UNSUPPORTED", "UNSUPPORTED", "UNSUPPORTED", "UNSUPPORTED", "61DF6F46-27AC-4787-A7C1-852B7CBCF362", "<ProductDescription ProductID=\"1\"/>", "UNSUPPORTED", "UNSUPPORTED", "UNSUPPORTED" ], [ "true", "115", "2367", "1137483647", "8213372036854775807", "303.00", "20345.12000", "3148.2900", "6232337203.0000", "51.6", "2.2321412134324E7", "2006-05-08", "2006-05-08 12:35:29.123", "2006-05-08 12:35:29.1234567", "2006-05-08 00:20:29.1234567", "2006-05-08 12:35:00.0", "12:35:29", "TestChar2           ", "Testing Variable Char2", "UNSUPPORTED", "Test Unicode char2                                                                                  ", "Testing Unicode Variable Char2", "UNSUPPORTED", "UNSUPPORTED", "UNSUPPORTED", "UNSUPPORTED", "UNSUPPORTED", "UNSUPPORTED", "734BBDBA-A376-4D9A-A123-ADEA09D417E3", "<ProductDescription ProductID=\"3\"/>", "UNSUPPORTED", "UNSUPPORTED", "UNSUPPORTED" ], [ "true", "124", "2365", "1137483697", "8213372036854775897", "503.00", "25345.12000", "4148.2900", "7232337203.0000", "55.6", "2.4321412134324E7", "2000-05-08", "2000-05-08 12:35:29.123", "2000-05-08 12:35:29.1234567", "2000-05-08 00:20:29.1234567", "2000-05-08 12:35:00.0", "12:35:29", "TestChar3           ", "Testing Variable Char3", "UNSUPPORTED", "Test Unicode char3                                                                                  ", "Testing Unicode Variable Char3", "UNSUPPORTED", "UNSUPPORTED", "UNSUPPORTED", "UNSUPPORTED", "UNSUPPORTED", "UNSUPPORTED", "08BDC137-E14D-4BCA-BBCF-823241E2654A", "<ProductDescription ProductID=\"4\"/>", "UNSUPPORTED", "UNSUPPORTED", "UNSUPPORTED" ], [ "true", "20", "2395", "137483697", "213372036854775897", "465.57", "23345.62000", "4248.2900", "8232337203.0000", "54.6", "5.4321412134324E7", "1900-05-08", "1900-05-08 12:35:29.123", "1900-05-08 12:35:29.1234567", "1900-05-08 00:20:29.1234567", "1900-05-08 12:35:00.0", "12:35:29", "TestChar4           ", "Testing Variable Char4", "UNSUPPORTED", "Test Unicode char4                                                                                  ", "Testing Unicode Variable Char4", "UNSUPPORTED", "UNSUPPORTED", "UNSUPPORTED", "UNSUPPORTED", "UNSUPPORTED", "UNSUPPORTED", "C513987D-9F5F-4DB6-989E-4859306F2C90", "<ProductDescription ProductID=\"5\"/>", "UNSUPPORTED", "UNSUPPORTED", "UNSUPPORTED" ], [ "true", "60", "6395", "637483697", "613372036854775897", "665.57", "63345.62000", "6248.2900", "6232337203.0000", "6754.6", "6.4321412134324E7", "1988-05-08", "1988-05-08 12:35:29.123", "1988-05-08 12:35:29.1234567", "1988-05-08 00:20:29.1234567", "1988-05-08 12:35:00.0", "12:35:29", "TestChar6           ", "Testing Variable Char6", "UNSUPPORTED", "Test Unicode char6                                                                                  ", "Testing Unicode Variable Char6", "UNSUPPORTED", "UNSUPPORTED", "UNSUPPORTED", "UNSUPPORTED", "UNSUPPORTED", "UNSUPPORTED", "E288CC59-AD4A-4D93-8326-AC6153418D47", "<ProductDescription ProductID=\"5\"/>", "UNSUPPORTED", "UNSUPPORTED", "UNSUPPORTED" ] ]
  },
  "id" : "null"
} ]