[ {
  "sample" : {
    "header" : [ "inttype", "tinyinttype", "smallinttype", "biginttype", "floattype", "doubletype", "decimaltype", "stringtype", "varchartype", "chartype", "datetype", "timestamptype", "booleantype", "binarytype" ],
    "values" : [ [ "10", "5", "2000", "10000", "234.5", "5000.56", "8500", "string1", "varchar1", "char1     ", "2014-12-07", "2014-12-07 23:00:00.0", "true", "UNSUPPORTED" ], [ "12", "15", "5000", "15000", "334.5", "6000.56", "8700", "string2", "varchar2", "char2     ", "2015-10-03", "2015-10-03 12:20:00.0", "false", "UNSUPPORTED" ], [ "10", "5", "2000", "10000", "234.5", "5000.56", "8500", "string1", "varchar1", "char1     ", "2014-12-07", "2014-12-07 23:00:00.0", "true", "UNSUPPORTED" ], [ "12", "15", "5000", "15000", "334.5", "6000.56", "8700", "string2", "varchar2", "char2     ", "2015-10-03", "2015-10-03 12:20:00.0", "false", "UNSUPPORTED" ], [ "14", "35", "5600", "35000", "434.5", "7000.56", "9700", "string3", "varchar3", "char3     ", "1990-10-03", "1990-10-03 00:20:00.0", "false", "UNSUPPORTED" ], [ "34", "45", "7600", "95000", "634.5", "8000.56", "10700", "string4", "varchar4", "char4     ", "1981-01-01", "1981-01-01 04:20:20.0", "true", "UNSUPPORTED" ], [ "64", "55", "3300", "350000", "4340.5", "70000.56", "97000", "string4", "varchar4", "char4     ", "1991-10-03", "1991-10-03 00:20:00.0", "false", "UNSUPPORTED" ], [ "10", "5", "2000", "10000", "234.5", "5000.56", "8500", "string1", "varchar1", "char1     ", "2014-12-07", "2014-12-07 23:00:00.0", "true", "UNSUPPORTED" ], [ "12", "15", "5000", "15000", "334.5", "6000.56", "8700", "string2", "varchar2", "char2     ", "2015-10-03", "2015-10-03 12:20:00.0", "false", "UNSUPPORTED" ], [ "14", "35", "5600", "35000", "434.5", "7000.56", "9700", "string3", "varchar3", "char3     ", "1990-10-03", "1990-10-03 00:20:00.0", "false", "UNSUPPORTED" ], [ "34", "45", "7600", "95000", "634.5", "8000.56", "10700", "string4", "varchar4", "char4     ", "1981-01-01", "1981-01-01 04:20:20.0", "true", "UNSUPPORTED" ], [ "64", "55", "3300", "350000", "4340.5", "70000.56", "97000", "string4", "varchar4", "char4     ", "1991-10-03", "1991-10-03 00:20:00.0", "false", "UNSUPPORTED" ], [ "14", "35", "5600", "35000", "434.5", "7000.56", "9700", "string3", "varchar3", "char3     ", "1990-10-03", "1990-10-03 00:20:00.0", "false", "UNSUPPORTED" ], [ "34", "45", "7600", "95000", "634.5", "8000.56", "10700", "string4", "varchar4", "char4     ", "1981-01-01", "1981-01-01 04:20:20.0", "true", "UNSUPPORTED" ], [ "64", "55", "3300", "350000", "4340.5", "70000.56", "97000", "string4", "varchar4", "char4     ", "1991-10-03", "1991-10-03 00:20:00.0", "false", "UNSUPPORTED" ], [ "10", "5", "2000", "10000", "234.5", "5000.56", "8500", "string1", "varchar1", "char1     ", "2014-12-07", "2014-12-07 23:00:00.0", "true", "UNSUPPORTED" ], [ "12", "15", "5000", "15000", "334.5", "6000.56", "8700", "string2", "varchar2", "char2     ", "2015-10-03", "2015-10-03 12:20:00.0", "false", "UNSUPPORTED" ], [ "14", "35", "5600", "35000", "434.5", "7000.56", "9700", "string3", "varchar3", "char3     ", "1990-10-03", "1990-10-03 00:20:00.0", "false", "UNSUPPORTED" ], [ "34", "45", "7600", "95000", "634.5", "8000.56", "10700", "string4", "varchar4", "char4     ", "1981-01-01", "1981-01-01 04:20:20.0", "true", "UNSUPPORTED" ], [ "64", "55", "3300", "350000", "4340.5", "70000.56", "97000", "string4", "varchar4", "char4     ", "1991-10-03", "1991-10-03 00:20:00.0", "false", "UNSUPPORTED" ] ]
  },
  "id" : "null"
} ]