[{"id":"null","sample":{"values":[["","","","","2005-05-01 13:14:00.742","2005-07-01 16:14:00.742"],["","","","","2015-01-31 21:44:00.742","2015-07-01 03:45:00.742"],["","","","","1978-02-01 05:44:00.742","1978-06-30 22:45:00.742"],["","","","","1945-01-01 04:44:00.742","1944-12-31 21:45:00.742"],["","","","","2000-12-01 05:44:00.742","2000-11-30 22:45:00.742"]],"header":["ID","NAME","DOB","DOB2","DOB3","DOB4"]}}]