[ {
  "sample" : {
    "header" : [ "country_id", "country", "last_update" ],
    "values" : [ [ "1", "Afghanistan", "2006-02-15 09:44:00.0" ], [ "2", "Algeria", "2006-02-15 09:44:00.0" ], [ "3", "American Samoa", "2006-02-15 09:44:00.0" ], [ "4", "Angola", "2006-02-15 09:44:00.0" ], [ "5", "Anguilla", "2006-02-15 09:44:00.0" ], [ "6", "Argentina", "2006-02-15 09:44:00.0" ], [ "7", "Armenia", "2006-02-15 09:44:00.0" ], [ "8", "Australia", "2006-02-15 09:44:00.0" ], [ "9", "Austria", "2006-02-15 09:44:00.0" ], [ "10", "Azerbaijan", "2006-02-15 09:44:00.0" ] ]
  },
  "id" : "null"
} ]