[ {
  "sample" : {
    "header" : [ "biginttype", "booleantype", "charactertype", "varchartype", "datetype", "floattype", "integertype", "numerictype", "realtype", "smallinttype", "texttype", "timetype", "timetztype", "timestamptype", "timestamptztype" ],
    "values" : [ [ "1000", "true", "ch        ", "test", "2000-12-31", "23.5", "34567", "34.50", "234.5", "245", "text string", "22:10:10", "02:10:25", "2016-06-22 19:10:25.0", "2016-06-23 02:10:25.0" ], [ "2000", "false", "eh        ", "data types1", "2001-02-11", "13.5", "44567", "44.50", "134.5", "235", "text string1", "21:09:10", "02:10:25", "2013-06-22 19:10:25.0", "2013-02-13 02:10:25.0" ], [ "3000", "false", "zh        ", "data types2", "1998-03-11", "33.5", "46567", "54.50", "234.5", "335", "text string2", "15:09:10", "02:10:25", "2011-06-12 19:10:25.0", "2011-02-12 20:10:25.0" ], [ "4000", "true", "xh        ", "data types3", "1992-02-03", "43.5", "86567", "64.50", "2221.5", "365", "text string3", "15:19:20", "23:15:15", "1997-06-12 19:10:25.0", "1977-02-13 19:09:23.0" ], [ "5000", "false", "gy        ", "data types4", "1990-12-03", "63.5", "16567", "84.50", "1231.67", "865", "text string4", "05:19:20", "23:15:15", "1990-06-12 19:10:25.0", "1990-02-13 19:09:23.0" ] ]
  },
  "id" : "null"
} ]