[ {
  "sample" : {
    "header" : [ "EName", "Id", "Department", "Project" ],
    "values" : [ [ "Harsha", "123", "IT", "Project1" ], [ "Johny", "345", "Finance", "Project2" ] ]
  },
  "id" : "null"
} ]