{
  "glueavro": [
    {
      "mode": "VIEW",
      "source": "glueavro",
      "dir": "->",
      "target": "orcfile1.orc"
    },
    {
      "mode": "VIEW",
      "source": "orcfile1.orc",
      "dir": "->",
      "target": "glueavro"
    }
  ]
}