{
  "glueavro": [
    {
      "mode": "VIEW",
      "source": "ParquetMultipleFiles",
      "dir": "->",
      "target": "glueavro"
    },
    {
      "mode": "VIEW",
      "source": "glueavro",
      "dir": "->",
      "target": "ParquetMultipleFiles"
    }
  ]
}