{
  "glueavro": [
    {
      "mode": "VIEW",
      "source": "MultipleJsonFiles",
      "dir": "->",
      "target": "glueavro"
    },
    {
      "mode": "VIEW",
      "source": "glueavro",
      "dir": "->",
      "target": "MultipleJsonFiles"
    }
  ]
}