{
  "gluelinker": [
    {
      "mode": "VIEW",
      "source": "BasicdatatypesWH.csv",
      "dir": "->",
      "target": "gluelinker"
    },
    {
      "mode": "VIEW",
      "source": "email",
      "dir": "->",
      "target": "email"
    },
    {
      "mode": "VIEW",
      "source": "email",
      "dir": "->",
      "target": "email"
    },
    {
      "mode": "VIEW",
      "source": "employee_id",
      "dir": "->",
      "target": "employee_id"
    },
    {
      "mode": "VIEW",
      "source": "employee_id",
      "dir": "->",
      "target": "employee_id"
    },
    {
      "mode": "VIEW",
      "source": "full_name",
      "dir": "->",
      "target": "full_name"
    },
    {
      "mode": "VIEW",
      "source": "full_name",
      "dir": "->",
      "target": "full_name"
    },
    {
      "mode": "VIEW",
      "source": "gender",
      "dir": "->",
      "target": "gender"
    },
    {
      "mode": "VIEW",
      "source": "gender",
      "dir": "->",
      "target": "gender"
    },
    {
      "mode": "VIEW",
      "source": "gluelinker",
      "dir": "->",
      "target": "BasicdatatypesWH.csv"
    },
    {
      "mode": "VIEW",
      "source": "ip_address",
      "dir": "->",
      "target": "ip_address"
    },
    {
      "mode": "VIEW",
      "source": "ip_address",
      "dir": "->",
      "target": "ip_address"
    },
    {
      "mode": "VIEW",
      "source": "phone_number",
      "dir": "->",
      "target": "phone_number"
    },
    {
      "mode": "VIEW",
      "source": "phone_number",
      "dir": "->",
      "target": "phone_number"
    },
    {
      "mode": "VIEW",
      "source": "postal_code",
      "dir": "->",
      "target": "postal_code"
    },
    {
      "mode": "VIEW",
      "source": "postal_code",
      "dir": "->",
      "target": "postal_code"
    },
    {
      "mode": "VIEW",
      "source": "ssn",
      "dir": "->",
      "target": "ssn"
    },
    {
      "mode": "VIEW",
      "source": "ssn",
      "dir": "->",
      "target": "ssn"
    },
    {
      "mode": "VIEW",
      "source": "state",
      "dir": "->",
      "target": "state"
    },
    {
      "mode": "VIEW",
      "source": "state",
      "dir": "->",
      "target": "state"
    }
  ]
}