{"glueavro":[{"mode":"VIEW","source":"MultipleJsonFiles","dir":"->","target":"glueavro"},{"mode":"VIEW","source":"address","dir":"->","target":"address"},{"mode":"VIEW","source":"address","dir":"->","target":"address"},{"mode":"VIEW","source":"age","dir":"->","target":"age"},{"mode":"VIEW","source":"age","dir":"->","target":"age"},{"mode":"VIEW","source":"company","dir":"->","target":"company"},{"mode":"VIEW","source":"company","dir":"->","target":"company"},{"mode":"VIEW","source":"day","dir":"->","target":"day"},{"mode":"VIEW","source":"day","dir":"->","target":"day"},{"mode":"VIEW","source":"email","dir":"->","target":"email"},{"mode":"VIEW","source":"email","dir":"->","target":"email"},{"mode":"VIEW","source":"gender","dir":"->","target":"gender"},{"mode":"VIEW","source":"gender","dir":"->","target":"gender"},{"mode":"VIEW","source":"glueavro","dir":"->","target":"MultipleJsonFiles"},{"mode":"VIEW","source":"id","dir":"->","target":"id"},{"mode":"VIEW","source":"id","dir":"->","target":"id"},{"mode":"VIEW","source":"isActive","dir":"->","target":"isactive"},{"mode":"VIEW","source":"isactive","dir":"->","target":"isActive"},{"mode":"VIEW","source":"loggedTime","dir":"->","target":"loggedtime"},{"mode":"VIEW","source":"loggedtime","dir":"->","target":"loggedTime"},{"mode":"VIEW","source":"month","dir":"->","target":"month"},{"mode":"VIEW","source":"month","dir":"->","target":"month"},{"mode":"VIEW","source":"name","dir":"->","target":"name"},{"mode":"VIEW","source":"name","dir":"->","target":"name"},{"mode":"VIEW","source":"phone","dir":"->","target":"phone"},{"mode":"VIEW","source":"phone","dir":"->","target":"phone"},{"mode":"VIEW","source":"testmaxlengthoffieldnameusingthisfieldfinetillhereyoushouldnotseethis","dir":"->","target":"testmaxlengthoffieldnameusingthisfieldfinetillhereyoushouldnotseethis"},{"mode":"VIEW","source":"testmaxlengthoffieldnameusingthisfieldfinetillhereyoushouldnotseethis","dir":"->","target":"testmaxlengthoffieldnameusingthisfieldfinetillhereyoushouldnotseethis"}]}